allows for overriding the default attributes:
  1: |
    |
      remote.kubernetes.secret "alloy_metrics_remote_cfg" {
        name      = "alloy-metrics-remote-cfg-release-name-k8s-monitoring"
        namespace = "NAMESPACE"
      }

      remotecfg {
        id = sys.env("GCLOUD_FM_COLLECTOR_ID")
        url = "https://fleet-management-prod-001.grafana.net"
        basic_auth {
          username = convert.nonsensitive(remote.kubernetes.secret.alloy_metrics_remote_cfg.data["username"])
          password = remote.kubernetes.secret.alloy_metrics_remote_cfg.data["password"]
        }
        poll_frequency = "5m"
        attributes = {
          "cluster" = "ci-test-cluster",
          "color" = "blue",
          "namespace" = "NAMESPACE",
          "platform" = "kubernetes",
          "release" = "stable",
          "source" = "k8s-monitoring",
          "workloadName" = "alloy-metrics",
          "workloadType" = "statefulset",
        }
      }
renders the remotecfg component with the right default attributes:
  1: |
    |
      remote.kubernetes.secret "alloy_metrics_remote_cfg" {
        name      = "alloy-metrics-remote-cfg-release-name-k8s-monitoring"
        namespace = "NAMESPACE"
      }

      remotecfg {
        id = sys.env("GCLOUD_FM_COLLECTOR_ID")
        url = "https://fleet-management-prod-001.grafana.net"
        basic_auth {
          username = convert.nonsensitive(remote.kubernetes.secret.alloy_metrics_remote_cfg.data["username"])
          password = remote.kubernetes.secret.alloy_metrics_remote_cfg.data["password"]
        }
        poll_frequency = "5m"
        attributes = {
          "cluster" = "ci-test-cluster",
          "namespace" = "NAMESPACE",
          "platform" = "kubernetes",
          "release" = "RELEASE-NAME",
          "source" = "k8s-monitoring",
          "sourceVersion" = "3.4.0",
          "workloadName" = "alloy-metrics",
          "workloadType" = "statefulset",
        }
      }
