should be able to filter by label and annotation:
  1: |
    |-
      declare "profiling" {
        argument "profiles_destinations" {
          comment = "Must be a list of profile destinations where collected profiles should be forwarded to"
        }
        // Profiles: Java
        discovery.kubernetes "java_pods" {
          role = "pod"
          selectors {
            role = "pod"
            label = "app.kubernetes.io/name=secret-program,colors in (blue,green)"
            field = "spec.nodeName=" + sys.env("HOSTNAME")
          }
        }

        discovery.process "java_pods" {
          join = discovery.kubernetes.java_pods.targets
        }

        discovery.relabel "java_pods" {
          targets = discovery.process.java_pods.targets
          rule {
            source_labels = ["__meta_kubernetes_pod_phase"]
            regex = "Succeeded|Failed|Completed"
            action = "drop"
          }
          rule {
            source_labels = ["__meta_kubernetes_pod_name"]
            regex = "^$"
            action = "drop"
          }
          rule {
            source_labels = ["__meta_process_exe"]
            action = "keep"
            regex = ".*/java$"
          }
          rule {
            source_labels = ["__meta_kubernetes_namespace"]
            target_label = "namespace"
          }
          rule {
            source_labels = ["__meta_kubernetes_pod_annotation_k8s_grafana_com_profile"]
            regex = "true"
            action = "keep"
          }
          rule {
            source_labels = ["__meta_kubernetes_pod_name"]
            target_label = "pod"
          }
          rule {
            source_labels = ["__meta_kubernetes_pod_node_name"]
            target_label = "node"
          }
          rule {
            source_labels = ["__meta_kubernetes_pod_container_name"]
            target_label = "container"
          }
        }

        pyroscope.java "java_pods" {
          targets = discovery.relabel.java_pods.output
          profiling_config {
            interval = "60s"
            alloc = "512k"
            cpu = true
            sample_rate = 100
            lock = "10ms"
          }
          forward_to = argument.profiles_destinations.value
        }
      }
should build the Java profiling configuration:
  1: |
    |-
      declare "profiling" {
        argument "profiles_destinations" {
          comment = "Must be a list of profile destinations where collected profiles should be forwarded to"
        }
        // Profiles: Java
        discovery.kubernetes "java_pods" {
          role = "pod"
          selectors {
            role = "pod"
            field = "spec.nodeName=" + sys.env("HOSTNAME")
          }
        }

        discovery.process "java_pods" {
          join = discovery.kubernetes.java_pods.targets
        }

        discovery.relabel "java_pods" {
          targets = discovery.process.java_pods.targets
          rule {
            source_labels = ["__meta_kubernetes_pod_phase"]
            regex = "Succeeded|Failed|Completed"
            action = "drop"
          }
          rule {
            source_labels = ["__meta_kubernetes_pod_name"]
            regex = "^$"
            action = "drop"
          }
          rule {
            source_labels = ["__meta_process_exe"]
            action = "keep"
            regex = ".*/java$"
          }
          rule {
            source_labels = ["__meta_kubernetes_namespace"]
            target_label = "namespace"
          }
          rule {
            source_labels = ["__meta_kubernetes_pod_name"]
            target_label = "pod"
          }
          rule {
            source_labels = ["__meta_kubernetes_pod_node_name"]
            target_label = "node"
          }
          rule {
            source_labels = ["__meta_kubernetes_pod_container_name"]
            target_label = "container"
          }
        }

        pyroscope.java "java_pods" {
          targets = discovery.relabel.java_pods.output
          profiling_config {
            interval = "60s"
            alloc = "512k"
            cpu = true
            sample_rate = 100
            lock = "10ms"
          }
          forward_to = argument.profiles_destinations.value
        }
      }
