creates a module with default Beyla configuration:
  1: |
    |-
      declare "auto_instrumentation" {
        argument "metrics_destinations" {
          comment = "Must be a list of metric destinations where collected metrics should be forwarded to"
        }

        discovery.kubernetes "beyla_pods" {
          role = "pod"
          namespaces {
            own_namespace = true
          }
          selectors {
            role = "pod"
            label = "app.kubernetes.io/name=beyla"
          }
        }

        discovery.relabel "beyla_pods" {
          targets = discovery.kubernetes.beyla_pods.targets
          rule {
            source_labels = ["__meta_kubernetes_pod_node_name"]
            action = "replace"
            target_label = "instance"
          }
        }

        prometheus.scrape "beyla_applications" {
          targets         = discovery.relabel.beyla_pods.output
          honor_labels    = true
          scrape_interval = "60s"
          clustering {
            enabled = true
          }
          forward_to = argument.metrics_destinations.value
        }

        prometheus.scrape "beyla_internal" {
          targets         = discovery.relabel.beyla_pods.output
          metrics_path    = "/internal/metrics"
          job_name        = "integrations/beyla"
          honor_labels    = true
          scrape_interval = "60s"
          clustering {
            enabled = true
          }
          forward_to = argument.metrics_destinations.value
        }
      }
