should generate the default configuration:
  1: |
    |-
      declare "prometheus_operator_objects" {
        argument "metrics_destinations" {
          comment = "Must be a list of metric destinations where collected metrics should be forwarded to"
        }

        // Prometheus Operator PodMonitor objects
        prometheus.operator.podmonitors "pod_monitors" {
          clustering {
            enabled = true
          }
          scrape {
            default_scrape_interval = "60s"
          }
          forward_to = argument.metrics_destinations.value
        }

        // Prometheus Operator Probe objects
        prometheus.operator.probes "probes" {
          clustering {
            enabled = true
          }
          scrape {
            default_scrape_interval = "60s"
          }
          forward_to = argument.metrics_destinations.value
        }

        // Prometheus Operator ServiceMonitor objects
        prometheus.operator.servicemonitors "service_monitors" {
          clustering {
            enabled = true
          }
          scrape {
            default_scrape_interval = "60s"
          }
          forward_to = argument.metrics_destinations.value
        }
      }
